// Jest Snapshot v1, https://goo.gl/fbAQLP

exports[`matches snapshot 1`] = `
<div>
  <div
    class="Snowman"
  >
    <p>
      Number wrong: 
      0
    </p>
    <img
      alt="0"
      src="0.png"
    />
    <p
      class="Snowman-word"
    >
      _
      _
      _
      _
      _
    </p>
    <p
      class="Snowman-letters"
    >
      <button
        class="Snowman-letter-a"
        value="a"
      >
        a
      </button>
      <button
        class="Snowman-letter-b"
        value="b"
      >
        b
      </button>
      <button
        class="Snowman-letter-c"
        value="c"
      >
        c
      </button>
      <button
        class="Snowman-letter-d"
        value="d"
      >
        d
      </button>
      <button
        class="Snowman-letter-e"
        value="e"
      >
        e
      </button>
      <button
        class="Snowman-letter-f"
        value="f"
      >
        f
      </button>
      <button
        class="Snowman-letter-g"
        value="g"
      >
        g
      </button>
      <button
        class="Snowman-letter-h"
        value="h"
      >
        h
      </button>
      <button
        class="Snowman-letter-i"
        value="i"
      >
        i
      </button>
      <button
        class="Snowman-letter-j"
        value="j"
      >
        j
      </button>
      <button
        class="Snowman-letter-k"
        value="k"
      >
        k
      </button>
      <button
        class="Snowman-letter-l"
        value="l"
      >
        l
      </button>
      <button
        class="Snowman-letter-m"
        value="m"
      >
        m
      </button>
      <button
        class="Snowman-letter-n"
        value="n"
      >
        n
      </button>
      <button
        class="Snowman-letter-o"
        value="o"
      >
        o
      </button>
      <button
        class="Snowman-letter-p"
        value="p"
      >
        p
      </button>
      <button
        class="Snowman-letter-q"
        value="q"
      >
        q
      </button>
      <button
        class="Snowman-letter-r"
        value="r"
      >
        r
      </button>
      <button
        class="Snowman-letter-s"
        value="s"
      >
        s
      </button>
      <button
        class="Snowman-letter-t"
        value="t"
      >
        t
      </button>
      <button
        class="Snowman-letter-u"
        value="u"
      >
        u
      </button>
      <button
        class="Snowman-letter-v"
        value="v"
      >
        v
      </button>
      <button
        class="Snowman-letter-w"
        value="w"
      >
        w
      </button>
      <button
        class="Snowman-letter-x"
        value="x"
      >
        x
      </button>
      <button
        class="Snowman-letter-y"
        value="y"
      >
        y
      </button>
      <button
        class="Snowman-letter-z"
        value="z"
      >
        z
      </button>
       
    </p>
  </div>
</div>
`;
